{
    "type": "geometrycollection",
    "geometries": [
        {
            "type": "multipolygon",
            "coordinates": [
                [
                    [
                        [
                            34.51305348816962,
                            0.035298719063461145,
                            5.0
                        ],
                        [
                            34.513062650895186,
                            0.030790856372375844,
                            5.0
                        ],
                        [
                            34.513071785973196,
                            0.0262829935696415,
                            5.5
                        ],
                        [
                            34.51305348816962,
                            0.035298719063461145,
                            5.8
                        ]
                    ]
                ]
            ]
        }
    ]
}