{
    "type": "geometrycollection",
    "geometries": [
        {
            "type": "polygon",
            "coordinates": [
                [
                    [
                        1.9496737127045984,
                        58.41415669686543
                    ],
                    [
                        1.8237672363511042,
                        58.42946998193435
                    ],
                    [
                        1.8422735102001124,
                        58.471472136376455
                    ],
                    [
                        1.9683241046247606,
                        58.45614207250076
                    ],
                    [
                        1.9496737127045984,
                        58.41415669686543
                    ]
                ]
            ]
        }
    ]
}