{
    "type": "geometrycollection",
    "geometries": [
        {
            "type": "multilinestring",
            "coordinates": [
                [
                    [
                        -105.021443,
                        39.578057,
                        7.0
                    ],
                    [
                        -105.021507,
                        39.577809,
                        7.0
                    ],
                    [
                        -105.021572,
                        39.577495,
                        7.0
                    ],
                    [
                        -105.021572,
                        39.577164,
                        7.0
                    ],
                    [
                        -105.021572,
                        39.577032,
                        7.0
                    ],
                    [
                        -105.021529,
                        39.576784,
                        7.0
                    ]
                ],
                [
                    [
                        -105.019898,
                        39.574997,
                        7.0
                    ],
                    [
                        -105.019598,
                        39.574898,
                        7.0
                    ],
                    [
                        -105.019061,
                        39.574782,
                        7.0
                    ]
                ],
                [
                    [
                        -105.017173,
                        39.574402,
                        7.0
                    ],
                    [
                        -105.01698,
                        39.574385,
                        7.0
                    ],
                    [
                        -105.016636,
                        39.574385,
                        7.0
                    ],
                    [
                        -105.016508,
                        39.574402,
                        7.0
                    ],
                    [
                        -105.01595,
                        39.57427,
                        7.0
                    ]
                ],
                [
                    [
                        -105.014276,
                        39.573972,
                        7.0
                    ],
                    [
                        -105.014126,
                        39.574038,
                        7.0
                    ],
                    [
                        -105.013825,
                        39.57417,
                        7.0
                    ],
                    [
                        -105.01331,
                        39.574452,
                        7.0
                    ]
                ]
            ]
        }
    ]
}