{
    "type": "geometrycollection",
    "geometries": [
        {
            "type": "multipolygon",
            "coordinates": [
                [
                    [
                        [
                            107.0,
                            7.0
                        ],
                        [
                            108.0,
                            7.0
                        ],
                        [
                            108.0,
                            8.0
                        ],
                        [
                            107.0,
                            8.0
                        ],
                        [
                            107.0,
                            7.0
                        ]
                    ]
                ],
                [
                    [
                        [
                            100.0,
                            0.0
                        ],
                        [
                            101.0,
                            0.0
                        ],
                        [
                            101.0,
                            1.0
                        ],
                        [
                            100.0,
                            1.0
                        ],
                        [
                            100.0,
                            0.0
                        ]
                    ]
                ]
            ]
        }
    ]
}